#-----------------------------------------------------------
# Vivado v2019.2 (64-bit)
# SW Build 2708876 on Wed Nov  6 21:39:14 MST 2019
# IP Build 2700528 on Thu Nov  7 00:09:20 MST 2019
# Start of session at: Wed Apr  8 19:33:38 2020
# Process ID: 30404
# Current directory: /media/d3vcr4ck/externData/materias-Sem20_2/arquitecturaDeComputadoras/arquitecturaDeComputadoras/practicasVivado/memoriaPrograma/memoriaPrograma.runs/synth_1
# Command line: vivado -log memPrograma.vds -product Vivado -mode batch -messageDb vivado.pb -notrace -source memPrograma.tcl
# Log file: /media/d3vcr4ck/externData/materias-Sem20_2/arquitecturaDeComputadoras/arquitecturaDeComputadoras/practicasVivado/memoriaPrograma/memoriaPrograma.runs/synth_1/memPrograma.vds
# Journal file: /media/d3vcr4ck/externData/materias-Sem20_2/arquitecturaDeComputadoras/arquitecturaDeComputadoras/practicasVivado/memoriaPrograma/memoriaPrograma.runs/synth_1/vivado.jou
#-----------------------------------------------------------
source memPrograma.tcl -notrace
